// Jest Snapshot v1, https://jestjs.io/docs/snapshot-testing

exports[`ProjectCard matches snapshot 1`] = `
<div
  class="MuiPaper-root MuiPaper-elevation MuiPaper-rounded MuiPaper-elevation1 MuiCard-root css-1j74uew-MuiPaper-root-MuiCard-root"
  style="--Paper-shadow: 0px 2px 1px -1px rgba(0,0,0,0.2),0px 1px 1px 0px rgba(0,0,0,0.14),0px 1px 3px 0px rgba(0,0,0,0.12);"
>
  <div
    class="MuiCardContent-root css-1lt5qva-MuiCardContent-root"
  >
    <h6
      class="MuiTypography-root MuiTypography-h6 css-1miy0lu-MuiTypography-root"
    >
      AI Research
    </h6>
    <p
      class="MuiTypography-root MuiTypography-body2 css-tmy7vb-MuiTypography-root"
    >
      Exploring GPT models and LLMs
    </p>
    <a
      class="MuiButtonBase-root MuiButton-root MuiButton-text MuiButton-textPrimary MuiButton-sizeSmall MuiButton-textSizeSmall MuiButton-colorPrimary MuiButton-root MuiButton-text MuiButton-textPrimary MuiButton-sizeSmall MuiButton-textSizeSmall MuiButton-colorPrimary css-q7p70v-MuiButtonBase-root-MuiButton-root"
      href="/dashboard/projects/abc123"
      tabindex="0"
    >
      Open Project
    </a>
  </div>
</div>
`;
