// Jest Snapshot v1, https://jestjs.io/docs/snapshot-testing

exports[`QuestionCard matches snapshot 1`] = `
<div
  class="MuiPaper-root MuiPaper-elevation MuiPaper-rounded MuiPaper-elevation1 css-4tcbm6-MuiPaper-root"
  style="--Paper-shadow: 0px 2px 1px -1px rgba(0,0,0,0.2),0px 1px 1px 0px rgba(0,0,0,0.14),0px 1px 3px 0px rgba(0,0,0,0.12);"
>
  <p
    class="MuiTypography-root MuiTypography-subtitle1 MuiTypography-gutterBottom css-a99ecy-MuiTypography-root"
  >
    Q: 
    What is AI?
  </p>
  <p
    class="MuiTypography-root MuiTypography-body2 css-1wle3ir-MuiTypography-root"
  >
    A: 
    Artificial Intelligence
  </p>
</div>
`;
